\BOOKMARK [1][-]{section.1}{\376\377\137\025\212\000\377\010\000I\000n\000t\000r\000o\000d\000u\000c\000t\000i\000o\000n\377\011}{}% 1
\BOOKMARK [1][-]{section.2}{\376\377\166\370\121\163\135\345\117\134\377\010\000R\000e\000l\000a\000t\000e\000d\000\040\000W\000o\000r\000k\377\011}{}% 2
\BOOKMARK [2][-]{subsection.2.1}{\376\377\127\372\116\216\000\040\000C\000S\000I\000\040\166\204\215\314\120\022\150\300\155\113\377\010\000C\000S\000I\000-\000b\000a\000s\000e\000d\000\040\000f\000a\000l\000l\000\040\000d\000e\000t\000e\000c\000t\000i\000o\000n\377\011}{section.2}% 3
\BOOKMARK [2][-]{subsection.2.2}{\376\377\121\166\116\326\152\041\140\001\166\204\215\314\120\022\150\300\155\113\377\010\000F\000a\000l\000l\000\040\000d\000e\000t\000e\000c\000t\000i\000o\000n\000\040\000b\000a\000s\000e\000d\000\040\000o\000n\000\040\000o\000t\000h\000e\000r\000\040\000m\000o\000d\000a\000l\000i\000t\000i\000e\000s\377\011}{section.2}% 4
\BOOKMARK [2][-]{subsection.2.3}{\376\377\127\372\116\216\000\040\000C\000S\000I\000\040\166\204\155\073\122\250\213\306\122\053\377\010\000C\000S\000I\000-\000b\000a\000s\000e\000d\000\040\000a\000c\000t\000i\000v\000i\000t\000y\000\040\000r\000e\000c\000o\000g\000n\000i\000t\000i\000o\000n\377\011}{section.2}% 5
\BOOKMARK [1][-]{section.3}{\376\377\174\373\176\337\151\202\211\310\377\010\000S\000y\000s\000t\000e\000m\000\040\000O\000v\000e\000r\000v\000i\000e\000w\377\011}{}% 6
\BOOKMARK [1][-]{section.4}{\376\377\220\037\136\246\122\006\136\003\214\061\377\010\000S\000p\000e\000e\000d\000\040\000D\000i\000s\000t\000r\000i\000b\000u\000t\000i\000o\000n\000\040\000P\000r\000o\000f\000i\000l\000e\000,\000\040\000S\000D\000P\377\011}{}% 7
\BOOKMARK [2][-]{subsection.4.1}{\376\377\176\337\213\241\165\065\127\072\152\041\127\213\377\010\000S\000t\000a\000t\000i\000s\000t\000i\000c\000a\000l\000\040\000E\000l\000e\000c\000t\000r\000i\000c\000\040\000F\000i\000e\000l\000d\000\040\000M\000o\000d\000e\000l\377\011}{section.4}% 8
\BOOKMARK [2][-]{subsection.4.2}{\376\377\116\316\000\040\000C\000S\000I\000\040\122\060\145\143\134\004\117\123\220\037\136\246\377\010\000F\000r\000o\000m\000\040\000C\000S\000I\000\040\000t\000o\000\040\000S\000c\000a\000t\000t\000e\000r\000\040\000S\000p\000e\000e\000d\377\011}{section.4}% 9
\BOOKMARK [2][-]{subsection.4.3}{\376\377\165\037\142\020\220\037\136\246\122\006\136\003\214\061\377\010\000G\000e\000n\000e\000r\000a\000t\000e\000\040\000t\000h\000e\000\040\000S\000p\000e\000e\000d\000\040\000D\000i\000s\000t\000r\000i\000b\000u\000t\000i\000o\000n\000\040\000P\000r\000o\000f\000i\000l\000e\377\011}{section.4}% 10
\BOOKMARK [2][-]{subsection.4.4}{\376\377\116\016\121\166\116\326\162\171\137\201\166\204\153\324\217\203\377\010\000C\000o\000m\000p\000a\000r\000i\000s\000o\000n\000\040\000w\000i\000t\000h\000\040\000D\000i\000f\000f\000e\000r\000e\000n\000t\000\040\000F\000e\000a\000t\000u\000r\000e\000s\377\011}{section.4}% 11
\BOOKMARK [1][-]{section.5}{\376\377\172\172\225\364\116\016\145\366\225\364\154\350\141\017\122\233\177\121\176\334\377\010\000S\000p\000a\000t\000i\000a\000l\000\040\000a\000n\000d\000\040\000T\000e\000m\000p\000o\000r\000a\000l\000\040\000A\000t\000t\000e\000n\000t\000i\000o\000n\000\040\000N\000e\000t\000w\000o\000r\000k\377\011}{}% 12
\BOOKMARK [2][-]{subsection.5.1}{\376\377\123\330\123\213\126\150\177\026\170\001\126\150\377\010\000T\000r\000a\000n\000s\000f\000o\000r\000m\000e\000r\000\040\000E\000n\000c\000o\000d\000e\000r\377\011}{section.5}% 13
\BOOKMARK [2][-]{subsection.5.2}{\376\377\172\172\225\364\162\171\137\201\143\320\123\326\377\010\000S\000p\000a\000t\000i\000a\000l\000\040\000F\000e\000a\000t\000u\000r\000e\000\040\000E\000x\000t\000r\000a\000c\000t\000i\000o\000n\377\011}{section.5}% 14
\BOOKMARK [2][-]{subsection.5.3}{\376\377\145\366\225\364\162\171\137\201\143\320\123\326\377\010\000T\000e\000m\000p\000o\000r\000a\000l\000\040\000F\000e\000a\000t\000u\000r\000e\000\040\000E\000x\000t\000r\000a\000c\000t\000i\000o\000n\377\011}{section.5}% 15
\BOOKMARK [1][-]{section.6}{\376\377\116\244\123\311\152\041\140\001\176\337\116\000\210\150\171\072\133\146\116\140\377\010\000C\000r\000o\000s\000s\000-\000M\000o\000d\000a\000l\000\040\000U\000n\000i\000f\000i\000e\000d\000\040\000R\000e\000p\000r\000e\000s\000e\000n\000t\000a\000t\000i\000o\000n\000\040\000L\000e\000a\000r\000n\000i\000n\000g\000,\000\040\000C\000U\000R\000L\377\011}{}% 16
\BOOKMARK [2][-]{subsection.6.1}{\376\377\211\306\211\311\177\121\176\334\377\010\000V\000i\000s\000i\000o\000n\000-\000b\000a\000s\000e\000d\000\040\000n\000e\000t\000w\000o\000r\000k\377\011}{section.6}% 17
\BOOKMARK [2][-]{subsection.6.2}{\376\377\116\244\123\311\152\041\140\001\166\321\167\143\377\010\000C\000r\000o\000s\000s\000-\000m\000o\000d\000a\000l\000\040\000s\000u\000p\000e\000r\000v\000i\000s\000i\000o\000n\377\011}{section.6}% 18
\BOOKMARK [1][-]{section.7}{\376\377\213\304\117\060\377\010\000E\000v\000a\000l\000u\000a\000t\000i\000o\000n\377\011}{}% 19
\BOOKMARK [2][-]{subsection.7.1}{\376\377\133\236\232\214\145\271\154\325\377\010\000E\000x\000p\000e\000r\000i\000m\000e\000n\000t\000\040\000M\000e\000t\000h\000o\000d\000o\000l\000o\000g\000y\377\011}{section.7}% 20
\BOOKMARK [3][-]{subsubsection.7.1.1}{\376\377\133\236\163\260\377\010\000I\000m\000p\000l\000e\000m\000e\000n\000t\000a\000t\000i\000o\000n\377\011}{subsection.7.1}% 21
\BOOKMARK [3][-]{subsubsection.7.1.2}{\376\377\213\304\117\060\213\276\177\156\377\010\000E\000v\000a\000l\000u\000a\000t\000i\000o\000n\000\040\000s\000e\000t\000u\000p\377\011}{subsection.7.1}% 22
\BOOKMARK [3][-]{subsubsection.7.1.3}{\376\377\145\160\143\156\221\307\226\306\377\010\000D\000a\000t\000a\000\040\000c\000o\000l\000l\000e\000c\000t\000i\000o\000n\377\011}{subsection.7.1}% 23
\BOOKMARK [3][-]{subsubsection.7.1.4}{\376\377\143\007\150\007\377\010\000M\000e\000t\000r\000i\000c\000s\377\011}{subsection.7.1}% 24
\BOOKMARK [2][-]{subsection.7.2}{\376\377\140\073\117\123\140\047\200\375\377\010\000O\000v\000e\000r\000a\000l\000l\000\040\000P\000e\000r\000f\000o\000r\000m\000a\000n\000c\000e\377\011}{section.7}% 25
\BOOKMARK [2][-]{subsection.7.3}{\376\377\234\201\150\322\140\047\122\006\147\220\377\010\000R\000o\000b\000u\000s\000t\000n\000e\000s\000s\000\040\000A\000n\000a\000l\000y\000s\000i\000s\377\011}{section.7}% 26
\BOOKMARK [3][-]{subsubsection.7.3.1}{\376\377\116\015\124\014\215\314\120\022\174\173\127\213\116\013\166\204\140\047\200\375\377\010\000P\000e\000r\000f\000o\000r\000m\000a\000n\000c\000e\000\040\000a\000c\000r\000o\000s\000s\000\040\000d\000i\000f\000f\000e\000r\000e\000n\000t\000\040\000f\000a\000l\000l\000\040\000t\000y\000p\000e\000s\377\011}{subsection.7.3}% 27
\BOOKMARK [3][-]{subsubsection.7.3.2}{\376\377\116\015\124\014\163\257\130\203\116\013\166\204\140\047\200\375\377\010\000P\000e\000r\000f\000o\000r\000m\000a\000n\000c\000e\000\040\000a\000c\000r\000o\000s\000s\000\040\000d\000i\000f\000f\000e\000r\000e\000n\000t\000\040\000e\000n\000v\000i\000r\000o\000n\000m\000e\000n\000t\000s\377\011}{subsection.7.3}% 28
\BOOKMARK [3][-]{subsubsection.7.3.3}{\376\377\116\015\124\014\165\050\142\067\116\013\166\204\140\047\200\375\377\010\000P\000e\000r\000f\000o\000r\000m\000a\000n\000c\000e\000\040\000a\000c\000r\000o\000s\000s\000\040\000d\000i\000f\000f\000e\000r\000e\000n\000t\000\040\000u\000s\000e\000r\000s\377\011}{subsection.7.3}% 29
\BOOKMARK [2][-]{subsection.7.4}{\376\377\137\256\127\372\121\306\377\010\000M\000i\000c\000r\000o\000\040\000B\000e\000n\000c\000h\000m\000a\000r\000k\000s\377\011}{section.7}% 30
\BOOKMARK [3][-]{subsubsection.7.4.1}{\376\377\162\171\137\201\166\204\137\161\124\315\377\010\000I\000m\000p\000a\000c\000t\000\040\000o\000f\000\040\000f\000e\000a\000t\000u\000r\000e\000s\377\011}{subsection.7.4}% 31
\BOOKMARK [3][-]{subsubsection.7.4.2}{\376\377\133\146\116\140\152\041\127\213\166\204\137\161\124\315\377\010\000I\000m\000p\000a\000c\000t\000\040\000o\000f\000\040\000l\000e\000a\000r\000n\000i\000n\000g\000\040\000m\000o\000d\000e\000l\000s\377\011}{subsection.7.4}% 32
\BOOKMARK [3][-]{subsubsection.7.4.3}{\376\377\211\306\230\221\166\321\167\143\166\204\147\011\145\110\140\047\377\010\000E\000f\000f\000e\000c\000t\000i\000v\000e\000n\000e\000s\000s\000\040\000o\000f\000\040\000v\000i\000d\000e\000o\000\040\000s\000u\000p\000e\000r\000v\000i\000s\000i\000o\000n\377\011}{subsection.7.4}% 33
\BOOKMARK [3][-]{subsubsection.7.4.4}{\376\377\221\307\150\067\163\207\137\161\124\315\377\010\000I\000m\000p\000a\000c\000t\000\040\000o\000f\000\040\000s\000a\000m\000p\000l\000i\000n\000g\000\040\000r\000a\000t\000e\000s\377\011}{subsection.7.4}% 34
\BOOKMARK [3][-]{subsubsection.7.4.5}{\376\377\172\227\123\343\131\047\134\017\137\161\124\315\377\010\000I\000m\000p\000a\000c\000t\000\040\000o\000f\000\040\000w\000i\000n\000d\000o\000w\000\040\000s\000i\000z\000e\377\011}{subsection.7.4}% 35
\BOOKMARK [3][-]{subsubsection.7.4.6}{\376\377\174\373\176\337\145\366\136\366\122\006\147\220\377\010\000S\000y\000s\000t\000e\000m\000\040\000l\000a\000t\000e\000n\000c\000y\000\040\000a\000n\000a\000l\000y\000s\000i\000s\377\011}{subsection.7.4}% 36
\BOOKMARK [3][-]{subsubsection.7.4.7}{\376\377\152\041\127\213\123\357\142\151\134\125\140\047\122\006\147\220\377\010\000M\000o\000d\000e\000l\000\040\000s\000c\000a\000l\000a\000b\000i\000l\000i\000t\000y\000\040\000a\000n\000a\000l\000y\000s\000i\000s\377\011}{subsection.7.4}% 37
\BOOKMARK [3][-]{subsubsection.7.4.8}{\376\377\131\032\000\040\000A\000P\000\040\123\117\117\134\166\204\147\011\145\110\140\047\377\010\000E\000f\000f\000e\000c\000t\000i\000v\000e\000n\000e\000s\000s\000\040\000o\000f\000\040\000m\000u\000l\000t\000i\000p\000l\000e\000\040\000A\000P\000\040\000c\000o\000l\000l\000a\000b\000o\000r\000a\000t\000i\000o\000n\377\011}{subsection.7.4}% 38
\BOOKMARK [1][-]{section.8}{\376\377\176\323\213\272\377\010\000C\000o\000n\000c\000l\000u\000s\000i\000o\000n\377\011}{}% 39
