\BOOKMARK [1][-]{section.1}{\376\377\137\025\212\000}{}% 1
\BOOKMARK [2][-]{subsection.1.1}{\376\377\000W\000i\000-\000F\000i\000\040\155\113\215\335\166\204\163\260\147\011\142\200\147\057}{section.1}% 2
\BOOKMARK [3][-]{subsubsection.1.1.1}{\376\377\127\372\116\216\152\041\127\213\166\204\155\113\215\335}{subsection.1.1}% 3
\BOOKMARK [3][-]{subsubsection.1.1.2}{\376\377\127\372\116\216\122\060\217\276\166\370\117\115\135\356\166\204\155\113\215\335}{subsection.1.1}% 4
\BOOKMARK [3][-]{subsubsection.1.1.3}{\376\377\127\372\116\216\137\200\217\324\145\366\225\364\000\040\000\050\000R\000T\000T\000\051\000\040\166\204\155\113\215\335}{subsection.1.1}% 5
\BOOKMARK [1][-]{section.2}{\376\377\174\373\176\337\152\041\127\213}{}% 6
\BOOKMARK [2][-]{subsection.2.1}{\376\377\227\136\164\006\140\363\126\340\175\040\136\372\152\041}{section.2}% 7
\BOOKMARK [1][-]{section.3}{\376\377\000C\000S\000I\000\040\117\060\213\241\122\006\147\220}{}% 8
\BOOKMARK [1][-]{section.4}{\376\377\122\006\171\273\124\214\217\175\154\342\166\370\117\115\000\040\000\050\000S\000u\000m\000\040\000C\000a\000r\000r\000i\000e\000r\000\040\000P\000h\000a\000s\000e\000\051\000\040\122\006\221\317}{}% 9
\BOOKMARK [2][-]{subsection.4.1}{\376\377\117\060\213\241\000\040\000C\000P\000\040\120\074}{section.4}% 10
\BOOKMARK [2][-]{subsection.4.2}{\376\377\117\030\123\026\000\040\000C\000F\000O\000\040\117\060\213\241}{section.4}% 11
\BOOKMARK [2][-]{subsection.4.3}{\376\377\117\060\213\241\124\214\217\175\154\342\166\370\117\115\000\040\000\050\000S\000u\000m\000-\000C\000P\000\051\000\040\122\006\221\317}{section.4}% 12
\BOOKMARK [1][-]{section.5}{\376\377\135\356\122\006\124\214\166\370\133\371\215\335\171\273\117\060\213\241}{}% 13
\BOOKMARK [1][-]{section.6}{\376\377\117\040\217\223\145\366\225\364\166\204\226\120\122\066}{}% 14
\BOOKMARK [1][-]{section.7}{\376\377\213\304\117\060\176\323\147\234}{}% 15
\BOOKMARK [2][-]{subsection.7.1}{\376\377\152\041\142\337\145\160\143\156}{section.7}% 16
\BOOKMARK [2][-]{subsection.7.2}{\376\377\133\236\127\060\145\160\143\156}{section.7}% 17
\BOOKMARK [1][-]{section.8}{\376\377\134\100\226\120\140\047\116\016\147\052\147\145\145\271\124\021}{}% 18
\BOOKMARK [1][-]{section.9}{\376\377\176\323\213\272}{}% 19
\BOOKMARK [1][-]{section*.1}{\376\377\000A\000p\000p\000e\000n\000d\000i\000x\000\040\000A\000:\000\040\137\025\164\006\000\040\0001\000\040\166\204\213\301\146\016}{}% 20
\BOOKMARK [1][-]{section*.2}{\376\377\000A\000p\000p\000e\000n\000d\000i\000x\000\040\000B\000:\000\040\137\025\164\006\000\040\0002\000\040\166\204\213\301\146\016}{}% 21
\BOOKMARK [1][-]{section*.3}{\376\377\000R\000e\000f\000e\000r\000e\000n\000c\000e\000s}{}% 22
\BOOKMARK [1][-]{IEEEbiography.0}{\376\377\000B\000i\000o\000g\000r\000a\000p\000h\000i\000e\000s}{}% 23
\BOOKMARK [2][-]{IEEEbiography.1}{\376\377\000V\000i\000s\000h\000n\000u\000\040\000V\000.\000\040\000R\000a\000t\000n\000a\000m}{IEEEbiography.0}% 24
\BOOKMARK [2][-]{IEEEbiography.2}{\376\377\000B\000i\000l\000a\000l\000\040\000S\000a\000d\000i\000q}{IEEEbiography.0}% 25
\BOOKMARK [2][-]{IEEEbiography.3}{\376\377\000H\000a\000o\000\040\000C\000h\000e\000n}{IEEEbiography.0}% 26
\BOOKMARK [2][-]{IEEEbiography.4}{\376\377\000W\000e\000i\000\040\000S\000u\000n}{IEEEbiography.0}% 27
\BOOKMARK [2][-]{IEEEbiography.5}{\376\377\000S\000h\000u\000n\000y\000a\000o\000\040\000W\000u}{IEEEbiography.0}% 28
\BOOKMARK [2][-]{IEEEbiography.6}{\376\377\000B\000o\000o\000n\000\040\000L\000o\000o\000n\000g\000\040\000N\000g}{IEEEbiography.0}% 29
\BOOKMARK [2][-]{IEEEbiography.7}{\376\377\000J\000i\000a\000n\000z\000h\000o\000n\000g\000\040\000\050\000C\000h\000a\000r\000l\000i\000e\000\051\000\040\000Z\000h\000a\000n\000g}{IEEEbiography.0}% 30
